[
    {
        "identifier": "a8bfdd2a-0f2f-4e62-8da6-22d5fb92c335",
        "firstname": "David",
        "lastname": "Sommer",
        "email": "david.sommer@myposter.de"
    }
]
