{
    "identifier": "00000000-0000-0000-0000-000000000000",
    "firstname": "Divad",
    "lastname": "Remmos",
    "email": "divad.remmos@myposter.de"
}
